2025-12-09 16:23:32 - INFO - Loading data...
2025-12-09 16:23:33 - INFO - Loaded 25287 rows
2025-12-09 16:23:33 - INFO - === Before loading ===
2025-12-09 16:23:33 - INFO - RAM: 16.5GB used / 404.3GB total
2025-12-09 16:23:33 - INFO - GPU: 0.0GB allocated
2025-12-09 16:23:33 - INFO - Loading tokenizer from local cache …
2025-12-09 16:23:33 - INFO - Tokenizer loaded in 0.36s
2025-12-09 16:23:33 - INFO - === After tokenizer ===
2025-12-09 16:23:33 - INFO - RAM: 16.7GB used / 404.3GB total
2025-12-09 16:23:33 - INFO - GPU: 0.0GB allocated
2025-12-09 16:23:33 - INFO - Loading model from local cache …
2025-12-09 16:24:13 - INFO - Model loaded in 39.77s
2025-12-09 16:24:13 - INFO - === After model loading ===
2025-12-09 16:24:13 - INFO - RAM: 17.1GB used / 404.3GB total
2025-12-09 16:24:13 - INFO - GPU: 34.6GB allocated
2025-12-09 16:24:13 - INFO - Generating responses for 25287 prompts...
2025-12-09 16:25:21 - INFO - Processed 10/25287 rows
2025-12-09 16:27:20 - INFO - Processed 20/25287 rows
2025-12-09 16:27:40 - INFO - Processed 30/25287 rows
2025-12-09 16:28:07 - INFO - Processed 40/25287 rows
2025-12-09 16:30:14 - INFO - Processed 50/25287 rows
2025-12-09 16:30:26 - INFO - Processed 60/25287 rows
2025-12-09 16:41:25 - INFO - Processed 70/25287 rows
2025-12-09 16:46:59 - INFO - Processed 80/25287 rows
2025-12-09 16:57:23 - INFO - Processed 90/25287 rows
2025-12-09 17:02:45 - INFO - Processed 100/25287 rows
2025-12-09 17:03:13 - INFO - Processed 110/25287 rows
2025-12-09 17:03:19 - INFO - Processed 120/25287 rows
2025-12-09 17:03:33 - INFO - Processed 130/25287 rows
2025-12-09 17:04:32 - INFO - Processed 140/25287 rows
2025-12-09 17:10:28 - INFO - Processed 150/25287 rows
2025-12-09 17:17:48 - INFO - Processed 160/25287 rows
2025-12-09 17:23:10 - INFO - Processed 170/25287 rows
2025-12-09 17:28:34 - INFO - Processed 180/25287 rows
2025-12-09 17:28:53 - INFO - Processed 190/25287 rows
2025-12-09 17:29:05 - INFO - Processed 200/25287 rows
2025-12-09 17:29:20 - INFO - Processed 210/25287 rows
2025-12-09 17:29:38 - INFO - Processed 220/25287 rows
2025-12-09 17:31:46 - INFO - Processed 230/25287 rows
2025-12-09 17:31:52 - INFO - Processed 240/25287 rows
2025-12-09 17:37:16 - INFO - Processed 250/25287 rows
2025-12-09 17:42:56 - INFO - Processed 260/25287 rows
2025-12-09 17:48:10 - INFO - Processed 270/25287 rows
2025-12-09 17:53:26 - INFO - Processed 280/25287 rows
2025-12-09 17:58:41 - INFO - Processed 290/25287 rows
2025-12-09 17:59:28 - INFO - Processed 300/25287 rows
2025-12-09 18:04:56 - INFO - Processed 310/25287 rows
2025-12-09 18:05:11 - INFO - Processed 320/25287 rows
2025-12-09 18:07:41 - INFO - Processed 330/25287 rows
2025-12-09 18:18:06 - INFO - Processed 340/25287 rows
2025-12-09 18:18:36 - INFO - Processed 350/25287 rows
2025-12-09 18:19:21 - INFO - Processed 360/25287 rows
2025-12-09 18:28:30 - INFO - Processed 370/25287 rows
2025-12-09 18:28:41 - INFO - Processed 380/25287 rows
2025-12-09 18:29:19 - INFO - Processed 390/25287 rows
2025-12-09 18:29:27 - INFO - Processed 400/25287 rows
2025-12-09 18:29:45 - INFO - Processed 410/25287 rows
2025-12-09 18:32:18 - INFO - Processed 420/25287 rows
2025-12-09 18:32:26 - INFO - Processed 430/25287 rows
2025-12-09 18:38:02 - INFO - Processed 440/25287 rows
2025-12-09 18:40:55 - INFO - Processed 450/25287 rows
2025-12-09 18:41:31 - INFO - Processed 460/25287 rows
2025-12-09 18:47:02 - INFO - Processed 470/25287 rows
2025-12-09 18:50:11 - INFO - Processed 480/25287 rows
2025-12-09 18:53:08 - INFO - Processed 490/25287 rows
2025-12-09 18:54:05 - INFO - Processed 500/25287 rows
2025-12-09 18:54:24 - INFO - Processed 510/25287 rows
2025-12-09 19:00:06 - INFO - Processed 520/25287 rows
2025-12-09 19:00:36 - INFO - Processed 530/25287 rows
2025-12-09 19:00:51 - INFO - Processed 540/25287 rows
2025-12-09 19:06:22 - INFO - Processed 550/25287 rows
2025-12-09 19:11:34 - INFO - Processed 560/25287 rows
2025-12-09 19:20:11 - INFO - Processed 570/25287 rows
2025-12-09 19:25:24 - INFO - Processed 580/25287 rows
2025-12-09 19:33:11 - INFO - Processed 590/25287 rows
2025-12-09 19:33:25 - INFO - Processed 600/25287 rows
2025-12-09 19:34:32 - INFO - Processed 610/25287 rows
2025-12-09 19:39:50 - INFO - Processed 620/25287 rows
2025-12-09 19:45:08 - INFO - Processed 630/25287 rows
2025-12-09 19:45:31 - INFO - Processed 640/25287 rows
2025-12-09 19:45:48 - INFO - Processed 650/25287 rows
2025-12-09 19:48:35 - INFO - Processed 660/25287 rows
2025-12-09 19:48:51 - INFO - Processed 670/25287 rows
2025-12-09 19:54:17 - INFO - Processed 680/25287 rows
2025-12-09 19:54:40 - INFO - Processed 690/25287 rows
2025-12-09 19:54:52 - INFO - Processed 700/25287 rows
2025-12-09 19:55:12 - INFO - Processed 710/25287 rows
2025-12-09 20:00:09 - INFO - Processed 720/25287 rows
2025-12-09 20:05:27 - INFO - Processed 730/25287 rows
2025-12-09 20:05:48 - INFO - Processed 740/25287 rows
2025-12-09 20:06:01 - INFO - Processed 750/25287 rows
2025-12-09 20:12:13 - INFO - Processed 760/25287 rows
2025-12-09 20:12:32 - INFO - Processed 770/25287 rows
2025-12-09 20:17:53 - INFO - Processed 780/25287 rows
2025-12-09 20:29:05 - INFO - Processed 790/25287 rows
2025-12-09 20:29:12 - INFO - Processed 800/25287 rows
2025-12-09 20:29:26 - INFO - Processed 810/25287 rows
2025-12-09 20:29:56 - INFO - Processed 820/25287 rows
2025-12-09 20:32:23 - INFO - Processed 830/25287 rows
2025-12-09 20:37:53 - INFO - Processed 840/25287 rows
2025-12-09 20:38:52 - INFO - Processed 850/25287 rows
2025-12-09 20:44:06 - INFO - Processed 860/25287 rows
2025-12-09 20:49:45 - INFO - Processed 870/25287 rows
2025-12-09 20:50:32 - INFO - Processed 880/25287 rows
2025-12-09 20:51:51 - INFO - Processed 890/25287 rows
2025-12-09 20:58:13 - INFO - Processed 900/25287 rows
2025-12-09 20:59:38 - INFO - Processed 910/25287 rows
2025-12-09 21:01:01 - INFO - Processed 920/25287 rows
2025-12-09 21:01:11 - INFO - Processed 930/25287 rows
2025-12-09 21:03:45 - INFO - Processed 940/25287 rows
2025-12-09 21:04:17 - INFO - Processed 950/25287 rows
2025-12-09 21:05:59 - INFO - Processed 960/25287 rows
2025-12-09 21:09:05 - INFO - Processed 970/25287 rows
2025-12-09 21:14:25 - INFO - Processed 980/25287 rows
2025-12-09 21:17:35 - INFO - Processed 990/25287 rows
2025-12-09 21:17:45 - INFO - Processed 1000/25287 rows
2025-12-09 21:25:32 - INFO - Processed 1010/25287 rows
2025-12-09 21:26:11 - INFO - Processed 1020/25287 rows
2025-12-09 21:26:21 - INFO - Processed 1030/25287 rows
2025-12-09 21:31:27 - INFO - Processed 1040/25287 rows
2025-12-09 21:36:51 - INFO - Processed 1050/25287 rows
2025-12-09 21:42:06 - INFO - Processed 1060/25287 rows
2025-12-09 21:42:12 - INFO - Processed 1070/25287 rows
2025-12-09 21:48:17 - INFO - Processed 1080/25287 rows
2025-12-09 21:48:47 - INFO - Processed 1090/25287 rows
2025-12-09 21:57:56 - INFO - Processed 1100/25287 rows
2025-12-09 21:58:12 - INFO - Processed 1110/25287 rows
2025-12-09 22:03:37 - INFO - Processed 1120/25287 rows
2025-12-09 22:09:21 - INFO - Processed 1130/25287 rows
2025-12-09 22:09:38 - INFO - Processed 1140/25287 rows
2025-12-09 22:16:20 - INFO - Processed 1150/25287 rows
2025-12-09 22:16:42 - INFO - Processed 1160/25287 rows
2025-12-09 22:16:58 - INFO - Processed 1170/25287 rows
2025-12-09 22:26:34 - INFO - Processed 1180/25287 rows
2025-12-09 22:26:43 - INFO - Processed 1190/25287 rows
2025-12-09 22:30:52 - INFO - Processed 1200/25287 rows
2025-12-09 22:31:23 - INFO - Processed 1210/25287 rows
2025-12-09 22:36:48 - INFO - Processed 1220/25287 rows
2025-12-09 22:53:01 - INFO - Processed 1230/25287 rows
2025-12-09 22:57:18 - INFO - Processed 1240/25287 rows
2025-12-09 23:09:33 - INFO - Processed 1250/25287 rows
2025-12-09 23:10:09 - INFO - Processed 1260/25287 rows
2025-12-09 23:14:57 - INFO - Processed 1270/25287 rows
2025-12-09 23:15:11 - INFO - Processed 1280/25287 rows
2025-12-09 23:20:26 - INFO - Processed 1290/25287 rows
2025-12-09 23:20:38 - INFO - Processed 1300/25287 rows
2025-12-09 23:20:44 - INFO - Processed 1310/25287 rows
2025-12-09 23:23:42 - INFO - Processed 1320/25287 rows
2025-12-09 23:25:41 - INFO - Processed 1330/25287 rows
2025-12-09 23:25:56 - INFO - Processed 1340/25287 rows
2025-12-09 23:31:12 - INFO - Processed 1350/25287 rows
2025-12-09 23:33:58 - INFO - Processed 1360/25287 rows
2025-12-09 23:35:57 - INFO - Processed 1370/25287 rows
2025-12-09 23:36:30 - INFO - Processed 1380/25287 rows
2025-12-09 23:42:10 - INFO - Processed 1390/25287 rows
2025-12-09 23:44:44 - INFO - Processed 1400/25287 rows
2025-12-09 23:45:40 - INFO - Processed 1410/25287 rows
2025-12-09 23:45:49 - INFO - Processed 1420/25287 rows
2025-12-09 23:48:17 - INFO - Processed 1430/25287 rows
2025-12-09 23:58:50 - INFO - Processed 1440/25287 rows
2025-12-09 23:58:59 - INFO - Processed 1450/25287 rows
2025-12-10 00:04:13 - INFO - Processed 1460/25287 rows
2025-12-10 00:04:51 - INFO - Processed 1470/25287 rows
2025-12-10 00:05:24 - INFO - Processed 1480/25287 rows
2025-12-10 00:07:21 - INFO - Processed 1490/25287 rows
2025-12-10 00:07:38 - INFO - Processed 1500/25287 rows
2025-12-10 00:07:45 - INFO - Processed 1510/25287 rows
2025-12-10 00:08:00 - INFO - Processed 1520/25287 rows
2025-12-10 00:18:27 - INFO - Processed 1530/25287 rows
2025-12-10 00:32:01 - INFO - Processed 1540/25287 rows
2025-12-10 00:32:08 - INFO - Processed 1550/25287 rows
2025-12-10 00:33:18 - INFO - Processed 1560/25287 rows
2025-12-10 00:33:34 - INFO - Processed 1570/25287 rows
2025-12-10 00:42:35 - INFO - Processed 1580/25287 rows
2025-12-10 00:48:19 - INFO - Processed 1590/25287 rows
2025-12-10 00:53:38 - INFO - Processed 1600/25287 rows
2025-12-10 00:59:08 - INFO - Processed 1610/25287 rows
2025-12-10 01:08:33 - INFO - Processed 1620/25287 rows
2025-12-10 01:15:01 - INFO - Processed 1630/25287 rows
2025-12-10 01:20:31 - INFO - Processed 1640/25287 rows
2025-12-10 01:20:37 - INFO - Processed 1650/25287 rows
2025-12-10 01:26:10 - INFO - Processed 1660/25287 rows
2025-12-10 01:31:10 - INFO - Processed 1670/25287 rows
2025-12-10 01:31:35 - INFO - Processed 1680/25287 rows
2025-12-10 01:31:56 - INFO - Processed 1690/25287 rows
2025-12-10 01:37:24 - INFO - Processed 1700/25287 rows
2025-12-10 01:42:41 - INFO - Processed 1710/25287 rows
2025-12-10 01:42:48 - INFO - Processed 1720/25287 rows
2025-12-10 01:45:43 - INFO - Processed 1730/25287 rows
2025-12-10 01:51:08 - INFO - Processed 1740/25287 rows
2025-12-10 01:51:58 - INFO - Processed 1750/25287 rows
2025-12-10 01:52:14 - INFO - Processed 1760/25287 rows
2025-12-10 01:57:32 - INFO - Processed 1770/25287 rows
2025-12-10 01:58:00 - INFO - Processed 1780/25287 rows
2025-12-10 01:58:31 - INFO - Processed 1790/25287 rows
2025-12-10 01:59:52 - INFO - Processed 1800/25287 rows
2025-12-10 02:00:32 - INFO - Processed 1810/25287 rows
2025-12-10 02:00:46 - INFO - Processed 1820/25287 rows
2025-12-10 02:01:00 - INFO - Processed 1830/25287 rows
2025-12-10 02:02:19 - INFO - Processed 1840/25287 rows
2025-12-10 02:02:29 - INFO - Processed 1850/25287 rows
2025-12-10 02:02:36 - INFO - Processed 1860/25287 rows
2025-12-10 02:03:00 - INFO - Processed 1870/25287 rows
2025-12-10 02:03:23 - INFO - Processed 1880/25287 rows
2025-12-10 02:05:27 - INFO - Processed 1890/25287 rows
2025-12-10 02:08:07 - INFO - Processed 1900/25287 rows
2025-12-10 02:14:29 - INFO - Processed 1910/25287 rows
2025-12-10 02:22:07 - INFO - Processed 1920/25287 rows
2025-12-10 02:22:34 - INFO - Processed 1930/25287 rows
2025-12-10 02:30:26 - INFO - Processed 1940/25287 rows
2025-12-10 02:31:11 - INFO - Processed 1950/25287 rows
2025-12-10 02:31:51 - INFO - Processed 1960/25287 rows
2025-12-10 02:32:11 - INFO - Processed 1970/25287 rows
2025-12-10 02:32:22 - INFO - Processed 1980/25287 rows
2025-12-10 02:32:39 - INFO - Processed 1990/25287 rows
2025-12-10 02:40:39 - INFO - Processed 2000/25287 rows
2025-12-10 02:46:21 - INFO - Processed 2010/25287 rows
2025-12-10 02:46:31 - INFO - Processed 2020/25287 rows
2025-12-10 02:57:45 - INFO - Processed 2030/25287 rows
2025-12-10 02:57:59 - INFO - Processed 2040/25287 rows
2025-12-10 02:58:33 - INFO - Processed 2050/25287 rows
2025-12-10 02:59:26 - INFO - Processed 2060/25287 rows
2025-12-10 03:04:55 - INFO - Processed 2070/25287 rows
2025-12-10 03:06:59 - INFO - Processed 2080/25287 rows
2025-12-10 03:10:14 - INFO - Processed 2090/25287 rows
2025-12-10 03:23:02 - INFO - Processed 2100/25287 rows
2025-12-10 03:28:23 - INFO - Processed 2110/25287 rows
2025-12-10 03:28:51 - INFO - Processed 2120/25287 rows
2025-12-10 03:28:58 - INFO - Processed 2130/25287 rows
2025-12-10 03:29:19 - INFO - Processed 2140/25287 rows
2025-12-10 03:36:45 - INFO - Processed 2150/25287 rows
2025-12-10 03:43:54 - INFO - Processed 2160/25287 rows
2025-12-10 03:45:46 - INFO - Processed 2170/25287 rows
2025-12-10 03:46:07 - INFO - Processed 2180/25287 rows
2025-12-10 03:51:32 - INFO - Processed 2190/25287 rows
2025-12-10 03:57:49 - INFO - Processed 2200/25287 rows
2025-12-10 04:00:45 - INFO - Processed 2210/25287 rows
2025-12-10 04:03:43 - INFO - Processed 2220/25287 rows
2025-12-10 04:04:32 - INFO - Processed 2230/25287 rows
2025-12-10 04:07:53 - INFO - Processed 2240/25287 rows
2025-12-10 04:15:44 - INFO - Processed 2250/25287 rows
2025-12-10 04:16:02 - INFO - Processed 2260/25287 rows
2025-12-10 04:23:13 - INFO - Processed 2270/25287 rows
2025-12-10 04:28:38 - INFO - Processed 2280/25287 rows
2025-12-10 04:30:23 - INFO - Processed 2290/25287 rows
