2026-01-10 18:01:32 - INFO - === Before loading ===
2026-01-10 18:01:32 - INFO - RAM: 13.3GB used / 404.3GB total
2026-01-10 18:01:32 - INFO - GPU 0: 0.0GB allocated
2026-01-10 18:01:32 - INFO - GPU 1: 0.0GB allocated
2026-01-10 18:01:32 - INFO - GPU 2: 0.0GB allocated
2026-01-10 18:01:32 - INFO - GPU 3: 0.0GB allocated
2026-01-10 18:01:32 - INFO - Loading tokenizer from local cache …
2026-01-10 18:01:33 - INFO - Set pad_token to eos_token: <|eot_id|>
2026-01-10 18:01:33 - INFO - Tokenizer loaded in 0.56s
2026-01-10 18:01:33 - INFO - === After tokenizer ===
2026-01-10 18:01:33 - INFO - RAM: 13.6GB used / 404.3GB total
2026-01-10 18:01:33 - INFO - GPU 0: 0.0GB allocated
2026-01-10 18:01:33 - INFO - GPU 1: 0.0GB allocated
2026-01-10 18:01:33 - INFO - GPU 2: 0.0GB allocated
2026-01-10 18:01:33 - INFO - GPU 3: 0.0GB allocated
2026-01-10 18:01:33 - INFO - Loading model from local cache …
2026-01-10 18:23:04 - INFO - Model loaded in 1291.20s
2026-01-10 18:23:04 - INFO - === After model loading ===
2026-01-10 18:23:04 - INFO - RAM: 14.4GB used / 404.3GB total
2026-01-10 18:23:04 - INFO - GPU 0: 34.6GB allocated
2026-01-10 18:23:04 - INFO - GPU 1: 35.9GB allocated
2026-01-10 18:23:04 - INFO - GPU 2: 35.9GB allocated
2026-01-10 18:23:04 - INFO - GPU 3: 34.6GB allocated
2026-01-10 18:23:04 - INFO - Processing 520 prompts with batch_size=4...
2026-01-10 18:25:09 - ERROR - Error processing batch: 'name'
